// Jest Snapshot v1, https://goo.gl/fbAQLP

exports[`UserSettings component renders UserSettings when logged in 1`] = `null`;
