// Jest Snapshot v1, https://goo.gl/fbAQLP

exports[`the BrowserWithUserCookie component renders with a user 1`] = `
<BVLinearGradient
  colors={
    Array [
      4294967295,
      4294506484,
    ]
  }
  endPoint={
    Object {
      "x": 0.5,
      "y": 1,
    }
  }
  locations={null}
  startPoint={
    Object {
      "x": 0.5,
      "y": 0,
    }
  }
  style={
    Object {
      "borderRadius": 0,
      "flex": null,
      "height": "100%",
      "width": "100%",
    }
  }
>
  <View
    style={
      Object {
        "flex": 1,
        "overflow": "hidden",
      }
    }
  >
    <RNCWKWebView
      cacheEnabled={true}
      messagingEnabled={false}
      onLoadingError={[Function]}
      onLoadingFinish={[Function]}
      onLoadingProgress={[Function]}
      onLoadingStart={[Function]}
      onMessage={[Function]}
      onShouldStartLoadWithRequest={[Function]}
      source={
        Object {
          "headers": Object {
            "Cookie": "ABC",
          },
          "uri": undefined,
        }
      }
      style={
        Array [
          Object {
            "flex": 1,
            "overflow": "hidden",
          },
          Object {
            "backgroundColor": "#ffffff",
          },
          undefined,
        ]
      }
      useSharedProcessPool={true}
    />
  </View>
  <View
    pointerEvents="box-none"
    style={
      Object {
        "flexDirection": "row",
        "justifyContent": "space-between",
        "paddingHorizontal": 16,
        "paddingVertical": 16,
        "position": "absolute",
        "top": 0,
        "width": "100%",
      }
    }
  >
    <RNSVGSvgView
      align="xMidYMid"
      bbHeight={32}
      bbWidth={32}
      fill="#303030"
      height={32}
      meetOrSlice={0}
      minX={0}
      minY={0}
      style={
        Array [
          Object {
            "backgroundColor": "transparent",
            "borderWidth": 0,
          },
          undefined,
          null,
          Object {
            "flex": 0,
            "height": 32,
            "width": 32,
          },
        ]
      }
      vbHeight={24}
      vbWidth={24}
      width={32}
    >
      <RNSVGGroup
        fill={
          Array [
            0,
            4281348144,
          ]
        }
        fillOpacity={1}
        fillRule={1}
        font={Object {}}
        matrix={
          Array [
            1,
            0,
            0,
            1,
            0,
            0,
          ]
        }
        opacity={1}
        originX={0}
        originY={0}
        propList={
          Array [
            "fill",
          ]
        }
        rotation={0}
        scaleX={1}
        scaleY={1}
        skewX={0}
        skewY={0}
        stroke={null}
        strokeDasharray={null}
        strokeDashoffset={null}
        strokeLinecap={0}
        strokeLinejoin={0}
        strokeMiterlimit={4}
        strokeOpacity={1}
        strokeWidth={1}
        vectorEffect={0}
        x={0}
        y={0}
      />
    </RNSVGSvgView>
    <RNSVGSvgView
      align="xMidYMid"
      bbHeight={32}
      bbWidth={32}
      fill="#303030"
      height={32}
      meetOrSlice={0}
      minX={0}
      minY={0}
      style={
        Array [
          Object {
            "backgroundColor": "transparent",
            "borderWidth": 0,
          },
          undefined,
          null,
          Object {
            "flex": 0,
            "height": 32,
            "width": 32,
          },
        ]
      }
      vbHeight={24}
      vbWidth={24}
      width={32}
    >
      <RNSVGGroup
        fill={
          Array [
            0,
            4281348144,
          ]
        }
        fillOpacity={1}
        fillRule={1}
        font={Object {}}
        matrix={
          Array [
            1,
            0,
            0,
            1,
            0,
            0,
          ]
        }
        opacity={1}
        originX={0}
        originY={0}
        propList={
          Array [
            "fill",
          ]
        }
        rotation={0}
        scaleX={1}
        scaleY={1}
        skewX={0}
        skewY={0}
        stroke={null}
        strokeDasharray={null}
        strokeDashoffset={null}
        strokeLinecap={0}
        strokeLinejoin={0}
        strokeMiterlimit={4}
        strokeOpacity={1}
        strokeWidth={1}
        vectorEffect={0}
        x={0}
        y={0}
      />
    </RNSVGSvgView>
  </View>
</BVLinearGradient>
`;

exports[`the BrowserWithUserCookie component renders with modal false 1`] = `
<View
  style={
    Object {
      "flex": 1,
      "overflow": "hidden",
    }
  }
>
  <RNCWKWebView
    cacheEnabled={true}
    messagingEnabled={false}
    onLoadingError={[Function]}
    onLoadingFinish={[Function]}
    onLoadingProgress={[Function]}
    onLoadingStart={[Function]}
    onMessage={[Function]}
    onShouldStartLoadWithRequest={[Function]}
    source={
      Object {
        "headers": Object {
          "Cookie": "ABC",
        },
        "uri": undefined,
      }
    }
    style={
      Array [
        Object {
          "flex": 1,
          "overflow": "hidden",
        },
        Object {
          "backgroundColor": "#ffffff",
        },
        undefined,
      ]
    }
    useSharedProcessPool={true}
  />
</View>
`;
