// Jest Snapshot v1, https://goo.gl/fbAQLP

exports[`The Onboarding LandingScreen component should render 1`] = `
<View
  style={
    Object {
      "backgroundColor": "#FFFFFF",
      "borderRadius": 16,
      "marginHorizontal": 16,
      "marginVertical": 12,
      "shadowColor": "rgba(165, 165, 165, 0.6)",
      "shadowOffset": Object {
        "height": 1,
        "width": 0,
      },
      "shadowOpacity": 1,
      "shadowRadius": 6,
    }
  }
>
  <View
    style={
      Object {
        "borderRadius": 16,
        "overflow": "hidden",
      }
    }
  >
    <View
      style={
        Object {
          "paddingHorizontal": 16,
          "paddingVertical": 16,
        }
      }
    />
    <View
      style={
        Object {
          "backgroundColor": "#FFFFFF",
          "borderBottomWidth": 0,
          "borderColor": "rgba(165, 165, 165, 0.6)",
          "borderLeftWidth": 0,
          "borderRightWidth": 0,
          "borderTopWidth": 0,
          "marginBottom": 16,
        }
      }
    >
      <View
        accessible={true}
        clickable={true}
        onClick={[Function]}
        onResponderGrant={[Function]}
        onResponderMove={[Function]}
        onResponderRelease={[Function]}
        onResponderTerminate={[Function]}
        onResponderTerminationRequest={[Function]}
        onStartShouldSetResponder={[Function]}
        style={
          Object {
            "transform": Array [
              Object {
                "scale": 1,
              },
            ],
          }
        }
      >
        <View
          style={
            Object {
              "alignItems": "center",
              "backgroundColor": "#FFFFFF",
              "flexDirection": "row",
              "justifyContent": "flex-start",
              "paddingHorizontal": 16,
              "paddingVertical": 4,
            }
          }
        >
          <View
            animate={null}
            customAnimate={null}
            onReady={false}
            style={
              Object {
                "aspectRatio": 1,
                "backgroundColor": "#A5A5A5",
                "borderRadius": 16,
                "height": 64,
                "marginRight": 16,
                "width": 64,
              }
            }
          >
            <Image
              onLoad={[Function]}
              source={
                Array [
                  Object {
                    "cache": "force-cache",
                    "uri": "https://picsum.photos/200/200",
                  },
                ]
              }
              style={
                Object {
                  "backgroundColor": "#A5A5A5",
                  "borderRadius": 16,
                  "height": 64,
                  "marginRight": 16,
                  "opacity": 0,
                  "width": 64,
                }
              }
            />
          </View>
          <View
            style={
              Object {
                "borderBottomWidth": 0.5,
                "borderColor": "rgba(165, 165, 165, 0.6)",
                "flex": 1,
                "height": 68,
                "justifyContent": "center",
                "marginTop": 6.4,
              }
            }
          >
            <Text
              numberOfLines={1}
              style={
                Object {
                  "color": "#303030",
                  "fontFamily": "InterUI-Medium",
                  "fontSize": 14,
                  "lineHeight": 21,
                }
              }
            >
              Boom
            </Text>
            <Text
              bold={false}
              ellipsizeMode="tail"
              italic={false}
              numberOfLines={2}
              style={
                Object {
                  "color": "#A5A5A5",
                  "fontFamily": "InterUI-Regular",
                  "fontSize": 12,
                  "lineHeight": 18,
                }
              }
            >
              What
            </Text>
          </View>
        </View>
      </View>
      <View
        accessible={true}
        clickable={true}
        onClick={[Function]}
        onResponderGrant={[Function]}
        onResponderMove={[Function]}
        onResponderRelease={[Function]}
        onResponderTerminate={[Function]}
        onResponderTerminationRequest={[Function]}
        onStartShouldSetResponder={[Function]}
        style={
          Object {
            "transform": Array [
              Object {
                "scale": 1,
              },
            ],
          }
        }
      >
        <View
          style={
            Object {
              "alignItems": "center",
              "backgroundColor": "#FFFFFF",
              "flexDirection": "row",
              "justifyContent": "flex-start",
              "paddingHorizontal": 16,
              "paddingVertical": 4,
            }
          }
        >
          <View
            animate={null}
            customAnimate={null}
            onReady={false}
            style={
              Object {
                "aspectRatio": 1,
                "backgroundColor": "#A5A5A5",
                "borderRadius": 16,
                "height": 64,
                "marginRight": 16,
                "width": 64,
              }
            }
          >
            <Image
              onLoad={[Function]}
              source={
                Array [
                  Object {
                    "cache": "force-cache",
                    "uri": "https://picsum.photos/200",
                  },
                ]
              }
              style={
                Object {
                  "backgroundColor": "#A5A5A5",
                  "borderRadius": 16,
                  "height": 64,
                  "marginRight": 16,
                  "opacity": 0,
                  "width": 64,
                }
              }
            />
          </View>
          <View
            style={
              Object {
                "borderBottomWidth": 0.5,
                "borderColor": "rgba(165, 165, 165, 0.6)",
                "flex": 1,
                "height": 68,
                "justifyContent": "center",
                "marginTop": 6.4,
              }
            }
          >
            <Text
              numberOfLines={1}
              style={
                Object {
                  "color": "#303030",
                  "fontFamily": "InterUI-Medium",
                  "fontSize": 14,
                  "lineHeight": 21,
                }
              }
            >
              Boom
            </Text>
            <Text
              bold={false}
              ellipsizeMode="tail"
              italic={false}
              numberOfLines={2}
              style={
                Object {
                  "color": "#A5A5A5",
                  "fontFamily": "InterUI-Regular",
                  "fontSize": 12,
                  "lineHeight": 18,
                }
              }
            >
              What
            </Text>
          </View>
        </View>
      </View>
      <View
        accessible={true}
        clickable={true}
        onClick={[Function]}
        onResponderGrant={[Function]}
        onResponderMove={[Function]}
        onResponderRelease={[Function]}
        onResponderTerminate={[Function]}
        onResponderTerminationRequest={[Function]}
        onStartShouldSetResponder={[Function]}
        style={
          Object {
            "transform": Array [
              Object {
                "scale": 1,
              },
            ],
          }
        }
      >
        <View
          style={
            Object {
              "alignItems": "center",
              "backgroundColor": "#FFFFFF",
              "flexDirection": "row",
              "justifyContent": "flex-start",
              "paddingHorizontal": 16,
              "paddingVertical": 4,
            }
          }
        >
          <View
            animate={null}
            customAnimate={null}
            onReady={false}
            style={
              Object {
                "aspectRatio": 1,
                "backgroundColor": "#A5A5A5",
                "borderRadius": 16,
                "height": 64,
                "marginRight": 16,
                "width": 64,
              }
            }
          >
            <Image
              onLoad={[Function]}
              source={
                Array [
                  Object {
                    "cache": "force-cache",
                    "uri": "https://picsum.photos/200",
                  },
                ]
              }
              style={
                Object {
                  "backgroundColor": "#A5A5A5",
                  "borderRadius": 16,
                  "height": 64,
                  "marginRight": 16,
                  "opacity": 0,
                  "width": 64,
                }
              }
            />
          </View>
          <View
            style={
              Object {
                "borderBottomWidth": 0.5,
                "borderColor": "rgba(165, 165, 165, 0.6)",
                "flex": 1,
                "height": 68,
                "justifyContent": "center",
                "marginTop": 6.4,
              }
            }
          >
            <Text
              numberOfLines={1}
              style={
                Object {
                  "color": "#303030",
                  "fontFamily": "InterUI-Medium",
                  "fontSize": 14,
                  "lineHeight": 21,
                }
              }
            >
              Boom
            </Text>
            <Text
              bold={false}
              ellipsizeMode="tail"
              italic={false}
              numberOfLines={2}
              style={
                Object {
                  "color": "#A5A5A5",
                  "fontFamily": "InterUI-Regular",
                  "fontSize": 12,
                  "lineHeight": 18,
                }
              }
            >
              What
            </Text>
          </View>
        </View>
      </View>
      <View
        accessible={true}
        clickable={true}
        onClick={[Function]}
        onResponderGrant={[Function]}
        onResponderMove={[Function]}
        onResponderRelease={[Function]}
        onResponderTerminate={[Function]}
        onResponderTerminationRequest={[Function]}
        onStartShouldSetResponder={[Function]}
        style={
          Object {
            "transform": Array [
              Object {
                "scale": 1,
              },
            ],
          }
        }
      >
        <View
          style={
            Object {
              "alignItems": "center",
              "backgroundColor": "#FFFFFF",
              "flexDirection": "row",
              "justifyContent": "flex-start",
              "paddingHorizontal": 16,
              "paddingVertical": 4,
            }
          }
        >
          <View
            animate={null}
            customAnimate={null}
            onReady={false}
            style={
              Object {
                "aspectRatio": 1,
                "backgroundColor": "#A5A5A5",
                "borderRadius": 16,
                "height": 64,
                "marginRight": 16,
                "width": 64,
              }
            }
          >
            <Image
              onLoad={[Function]}
              source={
                Array [
                  Object {
                    "cache": "force-cache",
                    "uri": "https://picsum.photos/200",
                  },
                ]
              }
              style={
                Object {
                  "backgroundColor": "#A5A5A5",
                  "borderRadius": 16,
                  "height": 64,
                  "marginRight": 16,
                  "opacity": 0,
                  "width": 64,
                }
              }
            />
          </View>
          <View
            style={
              Object {
                "borderBottomWidth": 0.5,
                "borderColor": "rgba(165, 165, 165, 0.6)",
                "flex": 1,
                "height": 68,
                "justifyContent": "center",
                "marginTop": 6.4,
              }
            }
          >
            <Text
              numberOfLines={1}
              style={
                Object {
                  "color": "#303030",
                  "fontFamily": "InterUI-Medium",
                  "fontSize": 14,
                  "lineHeight": 21,
                }
              }
            >
              Boom
            </Text>
            <Text
              bold={false}
              ellipsizeMode="tail"
              italic={false}
              numberOfLines={2}
              style={
                Object {
                  "color": "#A5A5A5",
                  "fontFamily": "InterUI-Regular",
                  "fontSize": 12,
                  "lineHeight": 18,
                }
              }
            >
              What
            </Text>
          </View>
        </View>
      </View>
    </View>
  </View>
</View>
`;
