// Jest Snapshot v1, https://goo.gl/fbAQLP

exports[`renderWithApolloData renders the component 1`] = `
<Text>
  hello, world!
</Text>
`;
